     1                                  bits 32 ; assembling for the 32 bits architecture
     2                                  
     3                                  ; declare the EntryPoint (a label defining the very first instruction of the program)
     4                                  global start        
     5                                  
     6                                  ; declare external functions needed by our program
     7                                  extern exit     
     8                                  extern biti  
     9                                  extern printf
    10                                          ; tell nasm that exit exists even if we won't be defining it
    11                                  import exit msvcrt.dll 
    12                                  import printf msvcrt.dll   ; exit is a function that ends the calling process. It is defined in msvcrt.dll
    13                                                            ; msvcrt.dll contains exit, printf and all the other important C-runtime specific functions
    14                                  
    15                                  ; our data is declared here (the variables needed by our program)
    16                                  segment data use32 class=data
    17 00000000 00                          a db 512
    17          ******************       warning: byte data exceeds bounds [-w+number-overflow]
    18                                  ; our code starts here
    19                                  segment code use32 class=code
    20                                      start:
    21                                         
    22 00000000 6A00                            push    dword 0      ; push the parameter for exit onto the stack
    23 00000002 FF15[00000000]                  call    [exit]       ; call exit to terminate the program
